#!/bin/sh
# dorc probe (read-only): checks per-SITE convergence, mutates nothing.
# When run, emits one results-record per site on stdout (the return channel):
#   site <leafid> effect=<holds|absent|cant-tell> rc=<n>
# effect is derived from the probe command's rc (0=holds, 1=absent, else cant-tell);
# rc is the raw PROBE-command status (opaque to Dorc — the record is the out-of-band lane).

# site 2: package:curl#installed
apt_get__predict() {
   while [ "${1#-}" != "$1" ]; do shift; done
   verb=$1; shift
   while [ "${1#-}" != "$1" ]; do shift; done
   pkg="$1"
   if [ "$2" = "" ]; then
      case $verb in
         install) dpkg-query -W "$pkg" >/dev/null 2>&1 ;;
         purge) dpkg-query -W "$pkg" >/dev/null 2>&1 ;;
      esac
   fi
}
apt_get__predict 'install' '-y' 'curl'; _rc=$?; if [ "$_rc" -eq 0 ]; then _e=holds; elif [ "$_rc" -eq 1 ]; then _e=absent; else _e=cant-tell; fi; printf 'site 2 effect=%s rc=%s\n' "$_e" "$_rc"
# site 3: package:vim#installed
apt_get__predict 'install' '-y' 'vim'; _rc=$?; if [ "$_rc" -eq 0 ]; then _e=holds; elif [ "$_rc" -eq 1 ]; then _e=absent; else _e=cant-tell; fi; printf 'site 3 effect=%s rc=%s\n' "$_e" "$_rc"
# site:0 skip-unresolvable
# site:1 skip-unresolvable
#!/bin/sh
# dorc apply: the book, with already-converged/dead lines elided (value-preserving stand-in).

# dorc guard preamble: the vouching oracle's own verdict body, shipped strip-only
# (annotations removed, `name.is_converged()` -> `name__is_converged()`, nothing else
# changed -- rul-ternary-verdict: the authored bytes verbatim, no engine-synthesized sh).
apt_get__is_converged() {
   while [ "${1#-}" != "$1" ]; do shift; done
   verb=$1; shift
   while [ "${1#-}" != "$1" ]; do shift; done
   pkg="$1"
   case $verb in
      install) dpkg-query -W "$pkg" >/dev/null 2>&1 ;;
   esac
}

# guard23-var-namespace-isolated (23C-fd1: guard-body variable capture — the material design
# finding; XFAIL until the guard tier lands). POSIX functions execute in the CALLER's variable
# namespace, and the shipped guard preamble is the oracle's check body VERBATIM (strip-only is
# law, rul-ternary-verdict) — whose body assigns `pkg` bare (`pkg="$1"`). This book uses `pkg`
# as its OWN variable, composing the hazard from individually-pinned pieces:
#   pkg=vim                   — a book variable, set early
#   hork wombat               — opaque wall (downstream loses its elide-license, plans/233 §0)
#   apt-get install -y curl   — vouched + converged-past-wall ⇒ GUARD; the predict's `pkg="$1"`
#                               would clobber the book's `pkg` to "curl" in the caller namespace
#   apt-get install -y "$pkg" — DIVERGED (vim absent) ⇒ runs with ORIGINAL BYTES (`"$pkg"`
#                               survives verbatim); at apply it must still install VIM
# Desired (mechanism-NEUTRAL per human ruling h3 — subshell-wrap OR check-body `local`/`${n:-}`
# hygiene, the engine's choice; the behaviour pins land either way): the guarded artifact is
# indistinguishable from the bare book w.r.t. book variables — the final line installs VIM, not
# a clobbered "curl". A naive whole-body ship clobbers `pkg` ⇒ vim never installs AND the
# suppressed curl re-installs (under-execute + unnecessary-execute in one stroke, silent, rc 0).
# The load-bearing pin is expected.ran's final `apt-get install -y vim`; the mechanism is open.
pkg=vim
hork wombat
( apt_get__is_converged install -y curl ) || apt-get install -y curl   # dorc: guard [package converged-vouch; probe: holds]
apt-get install -y "$pkg"
