#!/bin/sh
# dorc probe (read-only): checks per-SITE convergence, mutates nothing.
# When run, emits one results-record per site on stdout (the return channel):
#   site <leafid> effect=<holds|absent|cant-tell> rc=<n>
# effect is derived from the probe command's rc (0=holds, 1=absent, else cant-tell);
# rc is the raw PROBE-command status (opaque to Dorc — the record is the out-of-band lane).

# site 0: package:nginx#installed
apt_get__predict() {
   while [ "${1#-}" != "$1" ]; do shift; done
   verb=$1; shift
   while [ "${1#-}" != "$1" ]; do shift; done
   pkg="$1"
   if [ "$2" = "" ]; then
      case $verb in
         install) dpkg-query -W "$pkg" >/dev/null 2>&1 ;;
         purge) dpkg-query -W "$pkg" >/dev/null 2>&1 ;;
      esac
   fi
}
apt_get__predict 'install' '-y' 'nginx'; _rc=$?; if [ "$_rc" -eq 0 ]; then _e=holds; elif [ "$_rc" -eq 1 ]; then _e=absent; else _e=cant-tell; fi; printf 'site 0 effect=%s rc=%s\n' "$_e" "$_rc"
# site:1 skip-unresolvable
# site:2 skip-unresolvable
#!/bin/sh
# dorc apply: the book, with already-converged/dead lines elided (value-preserving stand-in).

# guard23-cross-oracle-vouch-scoped (23C-fd9: a vouch is scoped to its OWN oracle's reached
# path, never to the oracle SET — a PASSING floor). Two oracles past one wall:
#   apt-get install -y nginx  — package oracle A, VOUCHED, converged BEFORE the wall ⇒ elides
#                               at HEAD (A's vouch is present and "active" on a real site)
#   hork wombat               — opaque wall
#   systemctl enable foo      — service oracle B, UNVOUCHED, past the wall ⇒ runs BARE, forever
# The pin: B's site must RUN. A guard mints only from a matching (call-site, reached converged-
# vouch, probe-verdict) witness where the vouch is a mark on a path through THIS site's oracle's
# check-body (rul-guard-license); A's apt vouch is inadmissible in B's reasoning (it never
# enters the fact-plane, and provider-set membership is not a license). A build that keys "some
# vouch exists in the -o set" instead of this-site's-oracle's-reached-path would mint a B-guard
# off A's vouch — this floor reds if it does (an extra `systemctl is-enabled` check appears, or
# the enable is suppressed). rundelta pins verb-scope within ONE oracle; no-vouch-runs pins the
# zero-vouch case; this pins the CROSS-oracle scope the other two leave open.
# apt-get install -y nginx   # dorc: elided (already converged / dead branch)
hork wombat
systemctl enable foo
