#!/bin/sh
# dorc probe (read-only): checks per-SITE convergence, mutates nothing.
# When run, emits one results-record per site on stdout (the return channel):
#   site <leafid> effect=<holds|absent|cant-tell> rc=<n>
# effect is derived from the probe command's rc (0=holds, 1=absent, else cant-tell);
# rc is the raw PROBE-command status (opaque to Dorc — the record is the out-of-band lane).

# site 0: package:nginx#installed
apt_get__predict() {
   while [ "${1#-}" != "$1" ]; do shift; done
   verb=$1; shift
   while [ "${1#-}" != "$1" ]; do shift; done
   pkg="$1"
   if [ "$2" = "" ]; then
      case $verb in
         install) dpkg-query -W "$pkg" >/dev/null 2>&1 ;;
         purge) dpkg-query -W "$pkg" >/dev/null 2>&1 ;;
      esac
   fi
}
apt_get__predict 'install' '-y' 'nginx'; _rc=$?; if [ "$_rc" -eq 0 ]; then _e=holds; elif [ "$_rc" -eq 1 ]; then _e=absent; else _e=cant-tell; fi; printf 'site 0 effect=%s rc=%s\n' "$_e" "$_rc"
# site 2: package:curl#installed
apt_get__predict 'install' '-y' 'curl'; _rc=$?; if [ "$_rc" -eq 0 ]; then _e=holds; elif [ "$_rc" -eq 1 ]; then _e=absent; else _e=cant-tell; fi; printf 'site 2 effect=%s rc=%s\n' "$_e" "$_rc"
# site:1 skip-unresolvable
#!/bin/sh
# dorc apply: the book, with already-converged/dead lines elided (value-preserving stand-in).

# guard23-canttell-plan-runs (ruling h1 RATIFIED — converged-only mint: a guard mints only where
# the plan-time probe verdict is CONVERGED; can't-tell ⇒ run — a PASSING floor). A vouched site
# past a wall whose PLAN-TIME probe verdict is CANT-TELL:
#   apt-get install -y nginx  — converged before the wall ⇒ elides
#   hork wombat               — opaque wall
#   apt-get install -y curl   — vouched + past wall, but probe = CANT-TELL ⇒ NO witness (the mint
#                               is converged-only) ⇒ runs BARE
# A cant-tell mint would guard a line the approved plan displayed as RUN (a front-load-doctrine
# breach — the decision made post-approval) even though runtime-safe-ish; h1 forecloses it. The
# pin: curl runs bare, forever. If a build ever mints a guard on a cant-tell (rc 2+) verdict —
# treating "unsure" as "converged" — an extra `dpkg-query -W curl` check appears in the run-set
# (or the install is suppressed) and this floor reds. PROBE_RESULTS=authored: the cant-tell is a
# PLAN-TIME authored verdict (the past-wall establish-probe never ships at HEAD to reproduce it),
# exactly the drift-trio pattern; gate-1 parity + gate-6 are off, exec_check carries the pin.
# apt-get install -y nginx   # dorc: elided (already converged / dead branch)
hork wombat
apt-get install -y curl
