#!/bin/sh
# dorc probe (read-only): checks per-SITE convergence, mutates nothing.
# When run, emits one results-record per site on stdout (the return channel):
#   site <leafid> effect=<holds|absent|cant-tell> rc=<n>
# effect is derived from the probe command's rc (0=holds, 1=absent, else cant-tell);
# rc is the raw PROBE-command status (opaque to Dorc — the record is the out-of-band lane).

# site 0: package:nginx#installed
apt_get__predict() {
   while [ "${1#-}" != "$1" ]; do shift; done
   verb=$1; shift
   while [ "${1#-}" != "$1" ]; do shift; done
   pkg="$1"
   if [ "$2" = "" ]; then
      case $verb in
         install) dpkg-query -W "$pkg" >/dev/null 2>&1 ;;
         purge) dpkg-query -W "$pkg" >/dev/null 2>&1 ;;
      esac
   fi
}
apt_get__predict 'install' '-y' 'nginx'; _rc=$?; if [ "$_rc" -eq 0 ]; then _e=holds; elif [ "$_rc" -eq 1 ]; then _e=absent; else _e=cant-tell; fi; printf 'site 0 effect=%s rc=%s\n' "$_e" "$_rc"
# site 2: package:curl#installed
apt_get__predict 'install' '-y' 'curl'; _rc=$?; if [ "$_rc" -eq 0 ]; then _e=holds; elif [ "$_rc" -eq 1 ]; then _e=absent; else _e=cant-tell; fi; printf 'site 2 effect=%s rc=%s\n' "$_e" "$_rc"
# site:1 skip-unresolvable
#!/bin/sh
# dorc apply: the book, with already-converged/dead lines elided (value-preserving stand-in).

# strawman24-partial-oracle (plans/240 Stage-1 — the oracle-QUALITY axis). SAME book bytes as
# strawman24-all-converged-clean, but the `service` oracle is deliberately WITHHELD from the -o
# set, so `systemctl enable nginx` is un-modeled ⇒ Opaque ⇒ an opaque wall:
#   site 0  apt-get install nginx — converged, pre-wall ⇒ elides.
#   site 1  systemctl enable nginx — no oracle ⇒ runs, and walls the rest.
#   site 2  apt-get install curl — converged, but past the wall ⇒ runs.
# Same bytes, worse oracle COVERAGE ⇒ fewer elisions (1, vs 3 for all-converged-clean). The
# yardstick turns the cost of a coverage gap into a number.
true   # dorc: elided [apt-get install -y nginx] (already converged / dead branch)
systemctl enable nginx
apt-get install -y curl
