#!/bin/sh
# dorc probe (read-only): checks per-SITE convergence, mutates nothing.
# When run, emits one results-record per site on stdout (the return channel):
#   site <leafid> effect=<holds|absent|cant-tell> rc=<n>
# effect is derived from the probe command's rc (0=holds, 1=absent, else cant-tell);
# rc is the raw PROBE-command status (opaque to Dorc — the record is the out-of-band lane).

printf 'dorc-records/1 nonce=dorc attempt=1 host=localhost book=da61c45f09c9fffe sites=2 @@dorc@@\n'
# site 0: sm.dorc.Service:nginx#enabled
systemctl__predict() {
   verb=$1; shift
   svc="$1"
   case $verb in
      enable)  systemctl is-enabled -- "$svc" ;;
      start)   systemctl is-active  -- "$svc" ;;
      disable) systemctl is-enabled -- "$svc" ;;
   esac
}
systemctl__predict 'enable' 'nginx'; _rc=$?; if [ "$_rc" -eq 0 ]; then _e=holds; elif [ "$_rc" -eq 1 ]; then _e=absent; else _e=cant-tell; fi; printf 'dorc site 0 effect=%s rc=%s @@dorc@@\n' "$_e" "$_rc"
# site 1: sm.dorc.Service:nginx#active
systemctl__predict 'start' 'nginx'; _rc=$?; if [ "$_rc" -eq 0 ]; then _e=holds; elif [ "$_rc" -eq 1 ]; then _e=absent; else _e=cant-tell; fi; printf 'dorc site 1 effect=%s rc=%s @@dorc@@\n' "$_e" "$_rc"
printf 'dorc-records-end/1 nonce=dorc @@dorc@@\n'
#!/bin/sh
# dorc apply: the book, with already-converged/dead lines elided (value-preserving stand-in).

# systemctl enable nginx   # dorc: elided (already converged / dead branch)
systemctl start nginx
