#!/bin/sh
# dorc probe (read-only): checks per-SITE convergence, mutates nothing.
# When run, emits one results-record per site on stdout (the return channel):
#   site <leafid> effect=<holds|absent|cant-tell> rc=<n>
# effect is derived from the probe command's rc (0=holds, 1=absent, else cant-tell);
# rc is the raw PROBE-command status (opaque to Dorc — the record is the out-of-band lane).

# site 1: package:nginx#installed
apt_get__predict() {
   while [ "${1#-}" != "$1" ]; do shift; done
   verb=$1; shift
   while [ "${1#-}" != "$1" ]; do shift; done
   pkg="$1"
   if [ "$2" = "" ]; then
      case $verb in
         install) dpkg-query -W "$pkg" >/dev/null 2>&1 ;;
         purge) dpkg-query -W "$pkg" >/dev/null 2>&1 ;;
      esac
   fi
}
apt_get__predict 'install' '-y' 'nginx'; _rc=$?; if [ "$_rc" -eq 0 ]; then _e=holds; elif [ "$_rc" -eq 1 ]; then _e=absent; else _e=cant-tell; fi; printf 'site 1 effect=%s rc=%s\n' "$_e" "$_rc"
# site:0 skip-unresolvable
#!/bin/sh
# dorc apply: the book, with already-converged/dead lines elided (value-preserving stand-in).

# dorc guard preamble: the vouching oracle's own verdict body, shipped strip-only
# (annotations removed, `name.is_converged()` -> `name__is_converged()`, nothing else
# changed -- rul-ternary-verdict: the authored bytes verbatim, no engine-synthesized sh).
apt_get__is_converged() {
   while [ "${1#-}" != "$1" ]; do shift; done
   verb=$1; shift
   while [ "${1#-}" != "$1" ]; do shift; done
   case $verb in
      install) dpkg-query -W "$1" >/dev/null 2>&1 ;;
   esac
}

# guard23-why-attribution (the disclosure floor: every guard decision must be ATTRIBUTED,
# user-visibly, to the mark that licensed it; XFAIL until the guard tier lands). Analysis-
# only case: one vouched converged site past an opaque wall — the minimal guard mint — and
# the pin is the why-lens (gate-7): the stderr disclosure must name (i) that the site is
# GUARDED, (ii) the vouch that licensed it, (iii) the vouching oracle. Attribution is the
# guard-license's entire enforcement story ("we can't prevent, so we attribute" — plans/233
# §"The guard-license"; blame attributable to the mark), and rul-attention-honesty makes
# the disclosure surface load-bearing: a guard the user cannot trace to its licensor is a
# hidden risk. The expected-why pattern conjoins loose substrings (guard && vouch && package)
# that must co-occur in ONE why-line — the exact wording is the builder's, but three unrelated
# notes cannot each satisfy one needle to XPASS the floor (23C-fd13); a SINGLE disclosure line
# naming the mechanism, the license, and the oracle together is the pin.
hork wombat
( apt_get__is_converged install -y nginx ) || apt-get install -y nginx   # dorc: guard [package converged-vouch; probe: holds]
