#!/bin/sh
# dorc probe (read-only): checks per-SITE convergence, mutates nothing.
# When run, emits one results-record per site on stdout (the return channel):
#   site <leafid> effect=<holds|absent|cant-tell> rc=<n>
# effect is derived from the probe command's rc (0=holds, 1=absent, else cant-tell);
# rc is the raw PROBE-command status (opaque to Dorc — the record is the out-of-band lane).

printf 'dorc-records/1 nonce=dorc attempt=1 host=localhost book=ac00b369e2a4664a sites=2 @@dorc@@\n'
# site 0: sm.dorc.CertBundle:web1#synced
certsync__predict() {
   verb=$1; shift
   bundle="$1"
   case $verb in
      push) certsync status -- "$bundle" ;;
   esac
}
certsync__predict 'push' 'web1'; _rc=$?; if [ "$_rc" -eq 0 ]; then _e=holds; elif [ "$_rc" -eq 1 ]; then _e=absent; else _e=cant-tell; fi; printf 'dorc site 0 effect=%s rc=%s @@dorc@@\n' "$_e" "$_rc"
# site 1: sm.dorc.Service:nginx#active
systemctl__predict() {
   verb=$1; shift
   svc="$1"
   case $verb in
      start)   systemctl is-active  -- "$svc" ;;
      enable)  systemctl is-enabled -- "$svc" ;;
   esac
}
systemctl__predict 'start' 'nginx'; _rc=$?; if [ "$_rc" -eq 0 ]; then _e=holds; elif [ "$_rc" -eq 1 ]; then _e=absent; else _e=cant-tell; fi; printf 'dorc site 1 effect=%s rc=%s @@dorc@@\n' "$_e" "$_rc"
printf 'dorc-records-end/1 nonce=dorc @@dorc@@\n'
#!/bin/sh
# dorc apply: the book, with already-converged/dead lines elided (value-preserving stand-in).

# survivebite27-naked-trust-chain (27V §4 flagship): the "bought unsoundness" survival-bite, made
# into the acceptance test for the full `dorc why` chain render (aid-why-license-chain). A LYING
# `certsync` disturbs (see certsync.oracle.sh) claims at most its OWN CertBundle cell but its real
# push ALSO reloads nginx (a Service cell a DIFFERENT tool backs) — the omitted cell survives the
# own-coordinate canary, so under --trust-footprints the downstream service elision is spared a wall
# it truly collides with. The bite. NOTE (tc-flagship-lie-is-narrative, conductor-accepted): DST
# cannot observe the world breaking (no real mutation); this case asserts NARRATION-COMPLETENESS
# ONLY — that `dorc why 12` (the systemctl line) discloses the survival rode a CLAIM (not a measurement), names
# the claimed link unverified-BY-CONSTRUCTION, and gives the two recovery moves. Never "fix" it
# toward an impossible world-breakage assertion.
certsync push web1
# systemctl start nginx   # dorc: elided (already converged / dead branch)
