#!/bin/sh
# dorc probe (read-only): checks per-SITE convergence, mutates nothing.
# When run, emits one results-record per site on stdout (the return channel):
#   site <leafid> effect=<holds|absent|cant-tell> rc=<n>
# effect is derived from the probe command's rc (0=holds, 1=absent, else cant-tell);
# rc is the raw PROBE-command status (opaque to Dorc — the record is the out-of-band lane).

# site 1: package:nginx#installed
apt_get__predict() {
   while [ "${1#-}" != "$1" ]; do shift; done
   verb=$1; shift
   while [ "${1#-}" != "$1" ]; do shift; done
   pkg="$1"
   if [ "$2" = "" ]; then
      case $verb in
         install) dpkg-query -W "$pkg" >/dev/null 2>&1 ;;
         purge) dpkg-query -W "$pkg" >/dev/null 2>&1 ;;
      esac
   fi
}
apt_get__predict 'install' '-y' 'nginx'; _rc=$?; if [ "$_rc" -eq 0 ]; then _e=holds; elif [ "$_rc" -eq 1 ]; then _e=absent; else _e=cant-tell; fi; printf 'site 1 effect=%s rc=%s\n' "$_e" "$_rc"
# site:0 skip-unresolvable
#!/bin/sh
# dorc apply: the book, with already-converged/dead lines elided (value-preserving stand-in).

# tiedown-killwall-statebearing (24B §3 — a flavour-C tie-down for the round-24 chronology net).
# Same kill-wall survival shape as strawman24-survive-killwall, but the mocks are STATE-BEARING:
# dpkg-query reads a per-run package DB (./state, seeded S0 = oldpkg + nginx installed) and apt-get
# writes it (purge really removes oldpkg). Ties the in-memory model's KILL-wall survival to real
# dash: gate-1 validates the nginx probe against the file-backed world, gate-6 cross-checks the
# elision run-set.
#   site 0  apt-get purge oldpkg — a KILL (classifies MustRun ⇒ always RUNS = a wall); its
#           touches() emits package:oldpkg, so the wall is SCOPED, not total.
#   site 1  apt-get install nginx — CONVERGED (present in the DB), backing package:nginx disjoint
#           from the kill's footprint package:oldpkg ⇒ SURVIVES the running kill ⇒ ELIDES.
apt-get purge -y oldpkg
true   # dorc: elided [apt-get install -y nginx] (already converged / dead branch)
