#!/bin/sh
# dorc probe (read-only): checks per-SITE convergence, mutates nothing.
# When run, emits one results-record per site on stdout (the return channel):
#   site <leafid> effect=<holds|absent|cant-tell> rc=<n>
# effect is derived from the probe command's rc (0=holds, 1=absent, else cant-tell);
# rc is the raw PROBE-command status (opaque to Dorc — the record is the out-of-band lane).

# site 1: pkgstate:nginx#installed
dpkg__check() {
   case $1 in -s) shift ;; esac
   pkg="$1"
   dpkg -s -- "$pkg" >/dev/null 2>&1
}
dpkg__check '-s' 'nginx'; _rc=$?; if [ "$_rc" -eq 0 ]; then _e=holds; elif [ "$_rc" -eq 1 ]; then _e=absent; else _e=cant-tell; fi; printf 'site 1 effect=%s rc=%s\n' "$_e" "$_rc"
# site:0 skip-unresolvable
# site:2 skip-unresolvable
#!/bin/sh
# dorc apply: the book, with already-converged/dead lines elided (value-preserving stand-in).

# guard23-already-hand-guarded-runs (no-double-guard — a PASSING floor). The admin already
# wrote the check-then-act idiom by hand: `dpkg -s nginx || apt-get install -y nginx`,
# sitting past an opaque wall (hork), with the install's oracle VOUCHED — machine-guard
# bait. The machine must never stack a second guard onto an admin's hand-written one
# (`handguard || (check || install)` accretes noise and re-reads state the admin's own
# guard just read; notes/218a d4-6 already-guarded refusal; admin-explicit wins in the
# guarded direction too) — and that refusal precedes any verdict question: it holds
# whether the site is converged, diverged, or unknowable. Desired forever: the line runs
# VERBATIM. On this mock host nginx is ABSENT, so at exec the hand-guard falls through
# and the install runs — exactly as bare sh would. Post-build regression signature this
# floor catches: a preamble function + a rewritten line (content diff) and/or a second
# check invocation appearing in the run-set.
hork wombat
dpkg -s nginx >/dev/null 2>&1 || apt-get install -y nginx
