#!/bin/sh
# dorc probe (read-only): checks per-SITE convergence, mutates nothing.
# When run, emits one results-record per site on stdout (the return channel):
#   site <leafid> effect=<holds|absent|cant-tell> rc=<n>
# effect is derived from the probe command's rc (0=holds, 1=absent, else cant-tell);
# rc is the raw PROBE-command status (opaque to Dorc — the record is the out-of-band lane).

# site 0: package:oldpkg#installed
apt_get__predict() {
   while [ "${1#-}" != "$1" ]; do shift; done
   verb=$1; shift
   while [ "${1#-}" != "$1" ]; do shift; done
   pkg="$1"
   if [ "$2" = "" ]; then
      case $verb in
         install) dpkg-query -W "$pkg" >/dev/null 2>&1 ;;
         purge) dpkg-query -W "$pkg" >/dev/null 2>&1 ;;
      esac
   fi
}
apt_get__predict 'install' '-y' 'oldpkg'; _rc=$?; if [ "$_rc" -eq 0 ]; then _e=holds; elif [ "$_rc" -eq 1 ]; then _e=absent; else _e=cant-tell; fi; printf 'site 0 effect=%s rc=%s\n' "$_e" "$_rc"
# site 1: package:badpkg#installed
apt_get__predict 'install' '-y' 'badpkg'; _rc=$?; if [ "$_rc" -eq 0 ]; then _e=holds; elif [ "$_rc" -eq 1 ]; then _e=absent; else _e=cant-tell; fi; printf 'site 1 effect=%s rc=%s\n' "$_e" "$_rc"
# site 2: package:nginx#installed
apt_get__predict 'install' '-y' 'nginx'; _rc=$?; if [ "$_rc" -eq 0 ]; then _e=holds; elif [ "$_rc" -eq 1 ]; then _e=absent; else _e=cant-tell; fi; printf 'site 2 effect=%s rc=%s\n' "$_e" "$_rc"
# site 4: package:curl#installed
apt_get__predict 'install' '-y' 'curl'; _rc=$?; if [ "$_rc" -eq 0 ]; then _e=holds; elif [ "$_rc" -eq 1 ]; then _e=absent; else _e=cant-tell; fi; printf 'site 4 effect=%s rc=%s\n' "$_e" "$_rc"
# site:3 skip-unresolvable
#!/bin/sh
# dorc apply: the book, with already-converged/dead lines elided (value-preserving stand-in).

# strawman24-survive-multiwall (plans/240 Stage 2): a fact surviving TWO footprinted walls, then
# a FOOTPRINT-LESS wall collapsing everything below it (total wall unchanged by the flag).
#   site 0  apt-get install oldpkg  — diverged wall 1, footprint package:oldpkg
#   site 1  apt-get install badpkg  — diverged wall 2, footprint package:badpkg
#   site 2  apt-get install nginx   — CONVERGED, backing package:nginx disjoint from BOTH walls
#           (different entities, entity-granular) ⇒ SURVIVES both ⇒ ELIDES. Witness = 2 crossings.
#   site 3  apt-get purge gonepkg   — a running KILL whose touches() has NO purge arm ⇒
#           FOOTPRINT-LESS ⇒ a TOTAL wall (silence=wall, flag-independent).
#   site 4  apt-get install curl    — CONVERGED, but PAST the footprint-less total wall ⇒ DEMOTES
#           (runs). Proves the flag buys back only scoped walls; a silent mutator still totalises.
apt-get install -y oldpkg
apt-get install -y badpkg
true   # dorc: elided [apt-get install -y nginx] (already converged / dead branch)
apt-get purge -y gonepkg
apt-get install -y curl
