#!/bin/sh
# dorc probe (read-only): checks per-SITE convergence, mutates nothing.
# When run, emits one results-record per site on stdout (the return channel):
#   site <leafid> effect=<holds|absent|cant-tell> rc=<n>
# effect is derived from the probe command's rc (0=holds, 1=absent, else cant-tell);
# rc is the raw PROBE-command status (opaque to Dorc — the record is the out-of-band lane).

printf 'dorc-records/1 nonce=dorc attempt=1 host=localhost book=9de2626ce60de0dc sites=1 @@dorc@@\n'
# site 0: dorc-auto:hork#converged
hork__is_converged() {
   :
   case "$1" in
   install) hork query "$2" ;;
   *) return 2 ;;
   esac
}
hork__is_converged 'install' 'wombat'; _rc=$?; if [ "$_rc" -eq 0 ]; then _e=holds; elif [ "$_rc" -eq 1 ]; then _e=absent; else _e=cant-tell; fi; printf 'dorc site 0 effect=%s rc=%s @@dorc@@\n' "$_e" "$_rc"
# site:1 skip-unresolvable
printf 'dorc-records-end/1 nonce=dorc @@dorc@@\n'
#!/bin/sh
# dorc apply: the book, with already-converged/dead lines elided (value-preserving stand-in).

#!/bin/sh
# 27C §8 babby-sudo (27N): an ambient `hork install` + a sudo-WRAPPED one, answered in two contexts.
# Unwrapped FIRST so its ambient elision is independent of the wrapped mutator's downstream wall
# (the context-blind Stage-1 wall is a disclosed 27N limitation). `hork`/`sudo` are inert mocks.
# hork install wombat   # dorc: elided (already converged / dead branch)
sudo hork install frob
