#!/bin/sh
# dorc probe (read-only): checks per-SITE convergence, mutates nothing.
# When run, emits one results-record per site on stdout (the return channel):
#   site <leafid> effect=<holds|absent|cant-tell> rc=<n>
# effect is derived from the probe command's rc (0=holds, 1=absent, else cant-tell);
# rc is the raw PROBE-command status (opaque to Dorc — the record is the out-of-band lane).

# site 0: package:oldpkg#installed
apt_get__predict() {
   while [ "${1#-}" != "$1" ]; do shift; done
   verb=$1; shift
   while [ "${1#-}" != "$1" ]; do shift; done
   pkg="$1"
   if [ "$2" = "" ]; then
      case $verb in
         install) dpkg-query -W "$pkg" >/dev/null 2>&1 ;;
         purge) dpkg-query -W "$pkg" >/dev/null 2>&1 ;;
      esac
   fi
}
apt_get__predict 'install' '-y' 'oldpkg'; _rc=$?; if [ "$_rc" -eq 0 ]; then _e=holds; elif [ "$_rc" -eq 1 ]; then _e=absent; else _e=cant-tell; fi; printf 'site 0 effect=%s rc=%s\n' "$_e" "$_rc"
# site 1: package:nginx#installed
apt_get__predict 'install' '-y' 'nginx'; _rc=$?; if [ "$_rc" -eq 0 ]; then _e=holds; elif [ "$_rc" -eq 1 ]; then _e=absent; else _e=cant-tell; fi; printf 'site 1 effect=%s rc=%s\n' "$_e" "$_rc"
#!/bin/sh
# dorc apply: the book, with already-converged/dead lines elided (value-preserving stand-in).

# strawman24-nonsurvive-bare (plans/240 Stage 2): a running modeled wall WITHOUT a touches()
# footprint ⇒ a TOTAL wall even under --trust-footprints (silence=wall is flag-independent).
#   site 0  apt-get install oldpkg — DIVERGED wall; the oracle has predict() but NO touches().
#   site 1  apt-get install nginx  — CONVERGED, but the wall declares no footprint ⇒ total wall ⇒
#           DEMOTES (runs) even flagged. The flag only buys back walls that name what they touch;
#           an un-footprinted mutator is exactly the honest Stage-1 baseline.
apt-get install -y oldpkg
apt-get install -y nginx
