#!/bin/sh
# dorc probe (read-only): checks per-SITE convergence, mutates nothing.
# When run, emits one results-record per site on stdout (the return channel):
#   site <leafid> effect=<holds|absent|cant-tell> rc=<n>
# effect is derived from the probe command's rc (0=holds, 1=absent, else cant-tell);
# rc is the raw PROBE-command status (opaque to Dorc — the record is the out-of-band lane).

# site 1: package:nginx#installed
apt_get__predict() {
   while [ "${1#-}" != "$1" ]; do shift; done
   verb=$1; shift
   while [ "${1#-}" != "$1" ]; do shift; done
   pkg="$1"
   if [ "$2" = "" ]; then
      case $verb in
         install) dpkg-query -W "$pkg" >/dev/null 2>&1 ;;
         purge) dpkg-query -W "$pkg" >/dev/null 2>&1 ;;
      esac
   fi
}
apt_get__predict 'install' '-y' 'nginx'; _rc=$?; if [ "$_rc" -eq 0 ]; then _e=holds; elif [ "$_rc" -eq 1 ]; then _e=absent; else _e=cant-tell; fi; printf 'site 1 effect=%s rc=%s\n' "$_e" "$_rc"
# site:0 skip-unresolvable
#!/bin/sh
# dorc apply: the book, with already-converged/dead lines elided (value-preserving stand-in).

# guard23-heredoc-refuses-loudly (the ratified refuse-home posture, human ruling 2026-07-02:
# structurally-awkward homes — backgrounded commands, substitution positions, heredoc-
# carrying lines — default to RUN and refuse the guard LOUDLY, with the reason; XFAIL until
# the guard tier lands). A vouched, converged-past-wall site whose leaf carries a heredoc:
# the witness is complete (vouch reached, probe holds), but the leaf's span covers `<<EOF`
# and not the body lines, so a span edit strands the payload (the render21-heredoc-refusal
# precedent, arch-1 d-6). Desired: NO guard is inserted — the line runs VERBATIM, heredoc
# intact (kFAIL-perform: over-running a converged mutator is safe; a corrupted artifact is
# not) — and the refusal is DISCLOSED on the why-lens (gate-7 pattern: `refus`), never
# silent. The run-set is unchanged from HEAD; the loudness is the xfail. (If the built
# refusal lands error-severity, its line will match the pre-declared `guard` pattern in
# expected-diagnostics; that file is inert at HEAD.)
hork wombat
apt-get install -y nginx <<EOF
guard23 heredoc payload
EOF
