#!/bin/sh
# dorc probe (read-only): checks per-SITE convergence, mutates nothing.
# When run, emits one results-record per site on stdout (the return channel):
#   site <leafid> effect=<holds|absent|cant-tell> rc=<n>
# effect is derived from the probe command's rc (0=holds, 1=absent, else cant-tell);
# rc is the raw PROBE-command status (opaque to Dorc — the record is the out-of-band lane).

printf 'dorc-records/1 nonce=dorc attempt=1 host=localhost book=d27f6340c50688d3 sites=0 @@dorc@@\n'
# site:0 skip-unresolvable
# site:1 skip-unresolvable
printf 'dorc-records-end/1 nonce=dorc @@dorc@@\n'
#!/bin/sh
# dorc apply: the book, with already-converged/dead lines elided (value-preserving stand-in).

# guard23-reingest-collision-verbatim (the off-ramp closure — a PASSING floor). This book
apt_get__predict() {
   while [ "${1#-}" != "$1" ]; do shift; done
   verb=$1; shift
   while [ "${1#-}" != "$1" ]; do shift; done
   pkg="$1"
   if [ "$2" = "" ]; then dpkg-query -W "$pkg" >/dev/null 2>&1; fi
}
apt_get__predict install -y nginx || apt-get install -y nginx
